                                      1 ;--------------------------------------------------------
                                      2 ; File Created by SDCC : free open source ANSI-C Compiler
                                      3 ; Version 4.2.0 #13081 (Linux)
                                      4 ;--------------------------------------------------------
                                      5 	.module t
                                      6 	.optsdcc -mmcs51 --model-large
                                      7 	
                                      8 ;--------------------------------------------------------
                                      9 ; Public variables in this module
                                     10 ;--------------------------------------------------------
                                     11 	.globl _f
                                     12 ;--------------------------------------------------------
                                     13 ; special function registers
                                     14 ;--------------------------------------------------------
                                     15 	.area RSEG    (ABS,DATA)
      000000                         16 	.org 0x0000
                                     17 ;--------------------------------------------------------
                                     18 ; special function bits
                                     19 ;--------------------------------------------------------
                                     20 	.area RSEG    (ABS,DATA)
      000000                         21 	.org 0x0000
                                     22 ;--------------------------------------------------------
                                     23 ; overlayable register banks
                                     24 ;--------------------------------------------------------
                                     25 	.area REG_BANK_0	(REL,OVR,DATA)
      000000                         26 	.ds 8
                                     27 ;--------------------------------------------------------
                                     28 ; internal ram data
                                     29 ;--------------------------------------------------------
                                     30 	.area DSEG    (DATA)
                                     31 ;--------------------------------------------------------
                                     32 ; overlayable items in internal ram
                                     33 ;--------------------------------------------------------
                                     34 ;--------------------------------------------------------
                                     35 ; indirectly addressable internal ram data
                                     36 ;--------------------------------------------------------
                                     37 	.area ISEG    (DATA)
                                     38 ;--------------------------------------------------------
                                     39 ; absolute internal ram data
                                     40 ;--------------------------------------------------------
                                     41 	.area IABS    (ABS,DATA)
                                     42 	.area IABS    (ABS,DATA)
                                     43 ;--------------------------------------------------------
                                     44 ; bit data
                                     45 ;--------------------------------------------------------
                                     46 	.area BSEG    (BIT)
                                     47 ;--------------------------------------------------------
                                     48 ; paged external ram data
                                     49 ;--------------------------------------------------------
                                     50 	.area PSEG    (PAG,XDATA)
                                     51 ;--------------------------------------------------------
                                     52 ; external ram data
                                     53 ;--------------------------------------------------------
                                     54 	.area XSEG    (XDATA)
      000000                         55 _a:
      000000                         56 	.ds 4
      000004                         57 _b:
      000004                         58 	.ds 4
      000008                         59 _c:
      000008                         60 	.ds 4
      00000C                         61 _f_x_65536_1:
      00000C                         62 	.ds 4
                                     63 ;--------------------------------------------------------
                                     64 ; absolute external ram data
                                     65 ;--------------------------------------------------------
                                     66 	.area XABS    (ABS,XDATA)
                                     67 ;--------------------------------------------------------
                                     68 ; external initialized ram data
                                     69 ;--------------------------------------------------------
                                     70 	.area XISEG   (XDATA)
                                     71 	.area HOME    (CODE)
                                     72 	.area GSINIT0 (CODE)
                                     73 	.area GSINIT1 (CODE)
                                     74 	.area GSINIT2 (CODE)
                                     75 	.area GSINIT3 (CODE)
                                     76 	.area GSINIT4 (CODE)
                                     77 	.area GSINIT5 (CODE)
                                     78 	.area GSINIT  (CODE)
                                     79 	.area GSFINAL (CODE)
                                     80 	.area CSEG    (CODE)
                                     81 ;--------------------------------------------------------
                                     82 ; global & static initialisations
                                     83 ;--------------------------------------------------------
                                     84 	.area HOME    (CODE)
                                     85 	.area GSINIT  (CODE)
                                     86 	.area GSFINAL (CODE)
                                     87 	.area GSINIT  (CODE)
                                     88 ;--------------------------------------------------------
                                     89 ; Home
                                     90 ;--------------------------------------------------------
                                     91 	.area HOME    (CODE)
                                     92 	.area HOME    (CODE)
                                     93 ;--------------------------------------------------------
                                     94 ; code
                                     95 ;--------------------------------------------------------
                                     96 	.area CSEG    (CODE)
                                     97 ;------------------------------------------------------------
                                     98 ;Allocation info for local variables in function 'f'
                                     99 ;------------------------------------------------------------
                                    100 ;x                         Allocated with name '_f_x_65536_1'
                                    101 ;------------------------------------------------------------
                                    102 ;	t.c:3: int16_t f(int32_t x) { a = x*100 >> 8; b = a + 3; c = b - a; return (int16_t)c; }
                                    103 ;	-----------------------------------------
                                    104 ;	 function f
                                    105 ;	-----------------------------------------
      000000                        106 _f:
                           000007   107 	ar7 = 0x07
                           000006   108 	ar6 = 0x06
                           000005   109 	ar5 = 0x05
                           000004   110 	ar4 = 0x04
                           000003   111 	ar3 = 0x03
                           000002   112 	ar2 = 0x02
                           000001   113 	ar1 = 0x01
                           000000   114 	ar0 = 0x00
      000000 AF 82            [24]  115 	mov	r7,dpl
      000002 AE 83            [24]  116 	mov	r6,dph
      000004 AD F0            [24]  117 	mov	r5,b
      000006 FC               [12]  118 	mov	r4,a
      000007 90r00r0C         [24]  119 	mov	dptr,#_f_x_65536_1
      00000A EF               [12]  120 	mov	a,r7
      00000B F0               [24]  121 	movx	@dptr,a
      00000C EE               [12]  122 	mov	a,r6
      00000D A3               [24]  123 	inc	dptr
      00000E F0               [24]  124 	movx	@dptr,a
      00000F ED               [12]  125 	mov	a,r5
      000010 A3               [24]  126 	inc	dptr
      000011 F0               [24]  127 	movx	@dptr,a
      000012 EC               [12]  128 	mov	a,r4
      000013 A3               [24]  129 	inc	dptr
      000014 F0               [24]  130 	movx	@dptr,a
      000015 90r00r0C         [24]  131 	mov	dptr,#_f_x_65536_1
      000018 E0               [24]  132 	movx	a,@dptr
      000019 FC               [12]  133 	mov	r4,a
      00001A A3               [24]  134 	inc	dptr
      00001B E0               [24]  135 	movx	a,@dptr
      00001C FD               [12]  136 	mov	r5,a
      00001D A3               [24]  137 	inc	dptr
      00001E E0               [24]  138 	movx	a,@dptr
      00001F FE               [12]  139 	mov	r6,a
      000020 A3               [24]  140 	inc	dptr
      000021 E0               [24]  141 	movx	a,@dptr
      000022 FF               [12]  142 	mov	r7,a
      000023 90r00r00         [24]  143 	mov	dptr,#__mullong_PARM_2
      000026 EC               [12]  144 	mov	a,r4
      000027 F0               [24]  145 	movx	@dptr,a
      000028 ED               [12]  146 	mov	a,r5
      000029 A3               [24]  147 	inc	dptr
      00002A F0               [24]  148 	movx	@dptr,a
      00002B EE               [12]  149 	mov	a,r6
      00002C A3               [24]  150 	inc	dptr
      00002D F0               [24]  151 	movx	@dptr,a
      00002E EF               [12]  152 	mov	a,r7
      00002F A3               [24]  153 	inc	dptr
      000030 F0               [24]  154 	movx	@dptr,a
      000031 90 00 64         [24]  155 	mov	dptr,#(0x64&0x00ff)
      000034 E4               [12]  156 	clr	a
      000035 F5 F0            [12]  157 	mov	b,a
      000037 12r00r00         [24]  158 	lcall	__mullong
      00003A AD 83            [24]  159 	mov	r5,dph
      00003C AE F0            [24]  160 	mov	r6,b
      00003E FF               [12]  161 	mov	r7,a
      00003F 8D 04            [24]  162 	mov	ar4,r5
      000041 8E 05            [24]  163 	mov	ar5,r6
      000043 EF               [12]  164 	mov	a,r7
      000044 FE               [12]  165 	mov	r6,a
      000045 33               [12]  166 	rlc	a
      000046 95 E0            [12]  167 	subb	a,acc
      000048 FF               [12]  168 	mov	r7,a
      000049 90r00r00         [24]  169 	mov	dptr,#_a
      00004C EC               [12]  170 	mov	a,r4
      00004D F0               [24]  171 	movx	@dptr,a
      00004E ED               [12]  172 	mov	a,r5
      00004F A3               [24]  173 	inc	dptr
      000050 F0               [24]  174 	movx	@dptr,a
      000051 EE               [12]  175 	mov	a,r6
      000052 A3               [24]  176 	inc	dptr
      000053 F0               [24]  177 	movx	@dptr,a
      000054 EF               [12]  178 	mov	a,r7
      000055 A3               [24]  179 	inc	dptr
      000056 F0               [24]  180 	movx	@dptr,a
      000057 74 03            [12]  181 	mov	a,#0x03
      000059 2C               [12]  182 	add	a,r4
      00005A F8               [12]  183 	mov	r0,a
      00005B E4               [12]  184 	clr	a
      00005C 3D               [12]  185 	addc	a,r5
      00005D F9               [12]  186 	mov	r1,a
      00005E E4               [12]  187 	clr	a
      00005F 3E               [12]  188 	addc	a,r6
      000060 FA               [12]  189 	mov	r2,a
      000061 E4               [12]  190 	clr	a
      000062 3F               [12]  191 	addc	a,r7
      000063 FB               [12]  192 	mov	r3,a
      000064 90r00r04         [24]  193 	mov	dptr,#_b
      000067 E8               [12]  194 	mov	a,r0
      000068 F0               [24]  195 	movx	@dptr,a
      000069 E9               [12]  196 	mov	a,r1
      00006A A3               [24]  197 	inc	dptr
      00006B F0               [24]  198 	movx	@dptr,a
      00006C EA               [12]  199 	mov	a,r2
      00006D A3               [24]  200 	inc	dptr
      00006E F0               [24]  201 	movx	@dptr,a
      00006F EB               [12]  202 	mov	a,r3
      000070 A3               [24]  203 	inc	dptr
      000071 F0               [24]  204 	movx	@dptr,a
      000072 E8               [12]  205 	mov	a,r0
      000073 C3               [12]  206 	clr	c
      000074 9C               [12]  207 	subb	a,r4
      000075 FC               [12]  208 	mov	r4,a
      000076 E9               [12]  209 	mov	a,r1
      000077 9D               [12]  210 	subb	a,r5
      000078 FD               [12]  211 	mov	r5,a
      000079 EA               [12]  212 	mov	a,r2
      00007A 9E               [12]  213 	subb	a,r6
      00007B FE               [12]  214 	mov	r6,a
      00007C EB               [12]  215 	mov	a,r3
      00007D 9F               [12]  216 	subb	a,r7
      00007E FF               [12]  217 	mov	r7,a
      00007F 90r00r08         [24]  218 	mov	dptr,#_c
      000082 EC               [12]  219 	mov	a,r4
      000083 F0               [24]  220 	movx	@dptr,a
      000084 ED               [12]  221 	mov	a,r5
      000085 A3               [24]  222 	inc	dptr
      000086 F0               [24]  223 	movx	@dptr,a
      000087 EE               [12]  224 	mov	a,r6
      000088 A3               [24]  225 	inc	dptr
      000089 F0               [24]  226 	movx	@dptr,a
      00008A EF               [12]  227 	mov	a,r7
      00008B A3               [24]  228 	inc	dptr
      00008C F0               [24]  229 	movx	@dptr,a
      00008D 8C 82            [24]  230 	mov	dpl,r4
      00008F 8D 83            [24]  231 	mov	dph,r5
      000091 22               [24]  232 	ret
                                    233 	.area CSEG    (CODE)
                                    234 	.area CONST   (CODE)
                                    235 	.area XINIT   (CODE)
                                    236 	.area CABS    (ABS,CODE)
