                                      1 ;--------------------------------------------------------
                                      2 ; File Created by SDCC : free open source ANSI-C Compiler
                                      3 ; Version 4.2.0 #13081 (Linux)
                                      4 ;--------------------------------------------------------
                                      5 	.module t16
                                      6 	.optsdcc -mmcs51 --model-large
                                      7 	
                                      8 ;--------------------------------------------------------
                                      9 ; Public variables in this module
                                     10 ;--------------------------------------------------------
                                     11 	.globl _f
                                     12 ;--------------------------------------------------------
                                     13 ; special function registers
                                     14 ;--------------------------------------------------------
                                     15 	.area RSEG    (ABS,DATA)
      000000                         16 	.org 0x0000
                                     17 ;--------------------------------------------------------
                                     18 ; special function bits
                                     19 ;--------------------------------------------------------
                                     20 	.area RSEG    (ABS,DATA)
      000000                         21 	.org 0x0000
                                     22 ;--------------------------------------------------------
                                     23 ; overlayable register banks
                                     24 ;--------------------------------------------------------
                                     25 	.area REG_BANK_0	(REL,OVR,DATA)
      000000                         26 	.ds 8
                                     27 ;--------------------------------------------------------
                                     28 ; internal ram data
                                     29 ;--------------------------------------------------------
                                     30 	.area DSEG    (DATA)
                                     31 ;--------------------------------------------------------
                                     32 ; overlayable items in internal ram
                                     33 ;--------------------------------------------------------
                                     34 ;--------------------------------------------------------
                                     35 ; indirectly addressable internal ram data
                                     36 ;--------------------------------------------------------
                                     37 	.area ISEG    (DATA)
                                     38 ;--------------------------------------------------------
                                     39 ; absolute internal ram data
                                     40 ;--------------------------------------------------------
                                     41 	.area IABS    (ABS,DATA)
                                     42 	.area IABS    (ABS,DATA)
                                     43 ;--------------------------------------------------------
                                     44 ; bit data
                                     45 ;--------------------------------------------------------
                                     46 	.area BSEG    (BIT)
                                     47 ;--------------------------------------------------------
                                     48 ; paged external ram data
                                     49 ;--------------------------------------------------------
                                     50 	.area PSEG    (PAG,XDATA)
                                     51 ;--------------------------------------------------------
                                     52 ; external ram data
                                     53 ;--------------------------------------------------------
                                     54 	.area XSEG    (XDATA)
      000000                         55 _a:
      000000                         56 	.ds 2
      000002                         57 _b:
      000002                         58 	.ds 2
      000004                         59 _c:
      000004                         60 	.ds 2
      000006                         61 _f_x_65536_1:
      000006                         62 	.ds 2
                                     63 ;--------------------------------------------------------
                                     64 ; absolute external ram data
                                     65 ;--------------------------------------------------------
                                     66 	.area XABS    (ABS,XDATA)
                                     67 ;--------------------------------------------------------
                                     68 ; external initialized ram data
                                     69 ;--------------------------------------------------------
                                     70 	.area XISEG   (XDATA)
                                     71 	.area HOME    (CODE)
                                     72 	.area GSINIT0 (CODE)
                                     73 	.area GSINIT1 (CODE)
                                     74 	.area GSINIT2 (CODE)
                                     75 	.area GSINIT3 (CODE)
                                     76 	.area GSINIT4 (CODE)
                                     77 	.area GSINIT5 (CODE)
                                     78 	.area GSINIT  (CODE)
                                     79 	.area GSFINAL (CODE)
                                     80 	.area CSEG    (CODE)
                                     81 ;--------------------------------------------------------
                                     82 ; global & static initialisations
                                     83 ;--------------------------------------------------------
                                     84 	.area HOME    (CODE)
                                     85 	.area GSINIT  (CODE)
                                     86 	.area GSFINAL (CODE)
                                     87 	.area GSINIT  (CODE)
                                     88 ;--------------------------------------------------------
                                     89 ; Home
                                     90 ;--------------------------------------------------------
                                     91 	.area HOME    (CODE)
                                     92 	.area HOME    (CODE)
                                     93 ;--------------------------------------------------------
                                     94 ; code
                                     95 ;--------------------------------------------------------
                                     96 	.area CSEG    (CODE)
                                     97 ;------------------------------------------------------------
                                     98 ;Allocation info for local variables in function 'f'
                                     99 ;------------------------------------------------------------
                                    100 ;x                         Allocated with name '_f_x_65536_1'
                                    101 ;------------------------------------------------------------
                                    102 ;	t16.c:3: int16_t f(int16_t x) { a = x*100 >> 8; b = a + 3; c = b - a; return c; }
                                    103 ;	-----------------------------------------
                                    104 ;	 function f
                                    105 ;	-----------------------------------------
      000000                        106 _f:
                           000007   107 	ar7 = 0x07
                           000006   108 	ar6 = 0x06
                           000005   109 	ar5 = 0x05
                           000004   110 	ar4 = 0x04
                           000003   111 	ar3 = 0x03
                           000002   112 	ar2 = 0x02
                           000001   113 	ar1 = 0x01
                           000000   114 	ar0 = 0x00
      000000 AF 83            [24]  115 	mov	r7,dph
      000002 E5 82            [12]  116 	mov	a,dpl
      000004 90r00r06         [24]  117 	mov	dptr,#_f_x_65536_1
      000007 F0               [24]  118 	movx	@dptr,a
      000008 EF               [12]  119 	mov	a,r7
      000009 A3               [24]  120 	inc	dptr
      00000A F0               [24]  121 	movx	@dptr,a
      00000B 90r00r06         [24]  122 	mov	dptr,#_f_x_65536_1
      00000E E0               [24]  123 	movx	a,@dptr
      00000F FE               [12]  124 	mov	r6,a
      000010 A3               [24]  125 	inc	dptr
      000011 E0               [24]  126 	movx	a,@dptr
      000012 FF               [12]  127 	mov	r7,a
      000013 90r00r00         [24]  128 	mov	dptr,#__mulint_PARM_2
      000016 EE               [12]  129 	mov	a,r6
      000017 F0               [24]  130 	movx	@dptr,a
      000018 EF               [12]  131 	mov	a,r7
      000019 A3               [24]  132 	inc	dptr
      00001A F0               [24]  133 	movx	@dptr,a
      00001B 90 00 64         [24]  134 	mov	dptr,#0x0064
      00001E 12r00r00         [24]  135 	lcall	__mulint
      000021 E5 83            [12]  136 	mov	a,dph
      000023 FE               [12]  137 	mov	r6,a
      000024 33               [12]  138 	rlc	a
      000025 95 E0            [12]  139 	subb	a,acc
      000027 FF               [12]  140 	mov	r7,a
      000028 90r00r00         [24]  141 	mov	dptr,#_a
      00002B EE               [12]  142 	mov	a,r6
      00002C F0               [24]  143 	movx	@dptr,a
      00002D EF               [12]  144 	mov	a,r7
      00002E A3               [24]  145 	inc	dptr
      00002F F0               [24]  146 	movx	@dptr,a
      000030 8E 04            [24]  147 	mov	ar4,r6
      000032 8F 05            [24]  148 	mov	ar5,r7
      000034 74 03            [12]  149 	mov	a,#0x03
      000036 2C               [12]  150 	add	a,r4
      000037 FC               [12]  151 	mov	r4,a
      000038 E4               [12]  152 	clr	a
      000039 3D               [12]  153 	addc	a,r5
      00003A FD               [12]  154 	mov	r5,a
      00003B 90r00r02         [24]  155 	mov	dptr,#_b
      00003E EC               [12]  156 	mov	a,r4
      00003F F0               [24]  157 	movx	@dptr,a
      000040 ED               [12]  158 	mov	a,r5
      000041 A3               [24]  159 	inc	dptr
      000042 F0               [24]  160 	movx	@dptr,a
      000043 EC               [12]  161 	mov	a,r4
      000044 C3               [12]  162 	clr	c
      000045 9E               [12]  163 	subb	a,r6
      000046 FE               [12]  164 	mov	r6,a
      000047 ED               [12]  165 	mov	a,r5
      000048 9F               [12]  166 	subb	a,r7
      000049 FF               [12]  167 	mov	r7,a
      00004A 90r00r04         [24]  168 	mov	dptr,#_c
      00004D EE               [12]  169 	mov	a,r6
      00004E F0               [24]  170 	movx	@dptr,a
      00004F EF               [12]  171 	mov	a,r7
      000050 A3               [24]  172 	inc	dptr
      000051 F0               [24]  173 	movx	@dptr,a
      000052 8E 82            [24]  174 	mov	dpl,r6
      000054 8F 83            [24]  175 	mov	dph,r7
      000056 22               [24]  176 	ret
                                    177 	.area CSEG    (CODE)
                                    178 	.area CONST   (CODE)
                                    179 	.area XINIT   (CODE)
                                    180 	.area CABS    (ABS,CODE)
